../BSP/ICNA3306/icna3306.c:28:6:GPDMA_Callback	8	static
../BSP/ICNA3306/icna3306.c:38:13:DMA_TxCpltCallback	16	static,ignoring_inline_asm
../BSP/ICNA3306/icna3306.c:51:13:DMA_TxErrorCallback	16	static
../BSP/ICNA3306/icna3306.c:59:26:GPDMA_Queue_Config	136	static
../BSP/ICNA3306/icna3306.c:152:26:ICNA3306_SendDataDMA	32	static
../BSP/ICNA3306/icna3306.c:217:19:ICNA3306_WriteCmdParam	104	static
../BSP/ICNA3306/icna3306.c:252:19:ICNA3306_WriteCmdData	112	static,ignoring_inline_asm
../BSP/ICNA3306/icna3306.c:317:6:ICNA3306_DrawBuffer	40	static
../BSP/ICNA3306/icna3306.c:344:6:ICNA3306_Init	24	static
