../Core/Src/main.c:77:5:main	8	static
../Core/Src/main.c:145:6:SystemClock_Config	128	static
../Core/Src/main.c:202:1:__io_putchar	16	static
D:\STM32CubeIDE_1.18.1\STM32CubeIDE\plugins\com.st.stm32cube.ide.mcu.externaltools.gnu-tools-for-stm32.13.3.rel1.win32_1.0.0.202411081344\tools\bin/../lib/gcc/arm-none-eabi/13.3.1/../../../../arm-none-eabi/include/stdio.h:220:5:fputc	16	static
../Core/Src/main.c:226:6:HAL_TIM_PeriodElapsedCallback	16	static
../Core/Src/main.c:247:6:Error_Handler	4	static,ignoring_inline_asm
