../BSP/CST816D/cst816d.c:7:19:CST816D_ReadReg	32	static
../BSP/CST816D/cst816d.c:13:19:CST816D_WriteReg	32	static
../BSP/CST816D/cst816d.c:19:9:CST816D_Init	16	static
../BSP/CST816D/cst816d.c:71:19:CST816D_GetTouchData	24	static
../BSP/CST816D/cst816d.c:100:9:CST816D_IsTouched	8	static
../BSP/CST816D/cst816d.c:107:19:CST816D_EnterDeepSleep	16	static
../BSP/CST816D/cst816d.c:114:19:CST816D_SetAutoSleep	24	static
../BSP/CST816D/cst816d.c:121:19:CST816D_SetIrqPulseWidth	16	static
../BSP/CST816D/cst816d.c:127:19:CST816D_SetMotionMask	16	static
../BSP/CST816D/cst816d.c:133:19:CST816D_SetMotionAngle	16	static
../BSP/CST816D/cst816d.c:139:19:CST816D_ConfigureContinuousMotion	24	static
../BSP/CST816D/cst816d.c:156:19:CST816D_SetIrqCtl	16	static
