../BSP/CST816D/cst816d.c:7:19:CST816D_ReadReg	32	static
../BSP/CST816D/cst816d.c:13:19:CST816D_WriteReg	32	static
../BSP/CST816D/cst816d.c:19:9:CST816D_Init	16	static
../BSP/CST816D/cst816d.c:61:19:CST816D_GetTouchData	24	static
../BSP/CST816D/cst816d.c:90:9:CST816D_IsTouched	8	static
../BSP/CST816D/cst816d.c:97:19:CST816D_EnterDeepSleep	16	static
../BSP/CST816D/cst816d.c:104:19:CST816D_SetAutoSleep	24	static
../BSP/CST816D/cst816d.c:111:19:CST816D_SetIrqPulseWidth	16	static
../BSP/CST816D/cst816d.c:117:19:CST816D_SetMotionMask	16	static
../BSP/CST816D/cst816d.c:123:19:CST816D_SetMotionAngle	16	static
../BSP/CST816D/cst816d.c:129:19:CST816D_ConfigureContinuousMotion	24	static
../BSP/CST816D/cst816d.c:146:19:CST816D_SetIrqCtl	16	static
